
Memory Configuration

Name             Origin             Length             Attributes
*default*        0x00000000         0xffffffff

Linker script and memory map

LOAD build/main.o
LOAD build/jtag.o
LOAD build/framebuffer.o
LOAD build/img_game.o
LOAD build/snes.o
LOAD build/img_menu.o
LOAD build/img_blocks.o
LOAD build/screen.o
LOAD build/utilities.o
LOAD build/menu.o
LOAD uart.o
LOAD gpio.o

.init           0x00008000        0x4
 *(.init)
 .init          0x00008000        0x4 build/main.o
                0x00008000                _start
 .init          0x00008004        0x0 build/snes.o

.data           0x00009080   0x310d14
 *(.data)
 .data          0x00009080        0x0 build/main.o
 .data          0x00009080        0x0 build/jtag.o
 .data          0x00009080       0x70 build/framebuffer.o
                0x000090e0                FrameBufferPointer
 .data          0x000090f0    0x7e008 build/img_game.o
                0x000090f0                Board
 .data          0x000870f8        0x0 build/snes.o
 .data          0x000870f8   0x28e49c build/img_menu.o
                0x000870f8                Main_Menu
                0x00207100                Main_Start
                0x0022e208                Main_Quit
                0x00255310                Pause_Menu
                0x002b7478                Pause_Start
                0x002e4340                Pause_Quit
                0x00311204                Block_Start
                0x003133cc                Block_Quit
 .data          0x00315594     0x4800 build/img_blocks.o
                0x00315594                Cyan_Block
                0x00315d94                Blue_Block
                0x00316594                Green_Block
                0x00316d94                Orange_Block
                0x00317594                Red_Block
                0x00317d94                Purple_Block
                0x00318594                Yellow_Block
                0x00318d94                Wall_Block
                0x00319594                Back_Block
 .data          0x00319d94        0x0 build/screen.o
 .data          0x00319d94        0x0 build/utilities.o
 .data          0x00319d94        0x0 build/menu.o
 .data          0x00319d94        0x0 uart.o
 .data          0x00319d94        0x0 gpio.o
 *.c.o(*)

.igot.plt       0x00319d94        0x0
 .igot.plt      0x00000000        0x0 build/main.o

.text           0x00319d94      0x7ec
 *.c.o(.text)
 *(.text)
 .text          0x00319d94       0x2c build/main.o
                0x00319db4                Quit
 .text          0x00319dc0       0x8c build/jtag.o
                0x00319dc0                EnableJTAG
 .text          0x00319e4c       0x80 build/framebuffer.o
                0x00319e4c                InitFrameBuffer
 .text          0x00319ecc        0x0 build/img_game.o
 .text          0x00319ecc      0x1bc build/snes.o
                0x00319ecc                Get_SNES
                0x00319f04                Init_SNES
 .text          0x0031a088        0x0 build/img_menu.o
 .text          0x0031a088        0x0 build/img_blocks.o
 .text          0x0031a088      0x1c0 build/screen.o
                0x0031a088                Draw_Pixel
                0x0031a0a8                Draw_LineH
                0x0031a0ec                Draw_Box
                0x0031a138                Draw_Image
                0x0031a19c                Draw_Block
                0x0031a21c                Clear_Screen
 .text          0x0031a248       0x28 build/utilities.o
                0x0031a248                Wait
 .text          0x0031a270       0x80 build/menu.o
                0x0031a270                Menu_Display
                0x0031a284                Menu_Run
 .text          0x0031a2f0      0x1b8 uart.o
                0x0031a2f0                InitUART
                0x0031a3b0                PutCharUART
                0x0031a3cc                GetCharUART
                0x0031a3e8                WriteStringUART
                0x0031a418                ReadLineUART
 .text          0x0031a4a8       0xd8 gpio.o
                0x0031a4a8                GetGpioAddress
                0x0031a4b0                SetGpioFunction
                0x0031a4fc                SetGpio
                0x0031a538                GetGpio
OUTPUT(build/output.elf elf32-littlearm)

.glue_7         0x0031a580        0x0
 .glue_7        0x00000000        0x0 linker stubs

.glue_7t        0x0031a580        0x0
 .glue_7t       0x00000000        0x0 linker stubs

.vfp11_veneer   0x0031a580        0x0
 .vfp11_veneer  0x00000000        0x0 linker stubs

.v4_bx          0x0031a580        0x0
 .v4_bx         0x00000000        0x0 linker stubs

.iplt           0x0031a580        0x0
 .iplt          0x00000000        0x0 build/main.o

.rel.dyn        0x0031a580        0x0
 .rel.iplt      0x00000000        0x0 build/main.o

.bss            0x0031a580        0x0
 .bss           0x0031a580        0x0 build/main.o
 .bss           0x0031a580        0x0 build/jtag.o
 .bss           0x0031a580        0x0 build/framebuffer.o
 .bss           0x0031a580        0x0 build/img_game.o
 .bss           0x0031a580        0x0 build/snes.o
 .bss           0x0031a580        0x0 build/img_menu.o
 .bss           0x0031a580        0x0 build/img_blocks.o
 .bss           0x0031a580        0x0 build/screen.o
 .bss           0x0031a580        0x0 build/utilities.o
 .bss           0x0031a580        0x0 build/menu.o
 .bss           0x0031a580        0x0 uart.o
 .bss           0x0031a580        0x0 gpio.o

.ARM.attributes
                0x00000000       0x29
 .ARM.attributes
                0x00000000       0x29 build/main.o
 .ARM.attributes
                0x00000029       0x29 build/jtag.o
 .ARM.attributes
                0x00000052       0x29 build/framebuffer.o
 .ARM.attributes
                0x0000007b       0x29 build/img_game.o
 .ARM.attributes
                0x000000a4       0x29 build/snes.o
 .ARM.attributes
                0x000000cd       0x29 build/img_menu.o
 .ARM.attributes
                0x000000f6       0x29 build/img_blocks.o
 .ARM.attributes
                0x0000011f       0x29 build/screen.o
 .ARM.attributes
                0x00000148       0x29 build/utilities.o
 .ARM.attributes
                0x00000171       0x29 build/menu.o
 .ARM.attributes
                0x0000019a       0x29 uart.o
 .ARM.attributes
                0x000001c3       0x29 gpio.o

.debug_line     0x00000000      0x487
 .debug_line    0x00000000       0x56 build/main.o
 .debug_line    0x00000056       0x61 build/jtag.o
 .debug_line    0x000000b7       0x68 build/framebuffer.o
 .debug_line    0x0000011f       0xc1 build/snes.o
 .debug_line    0x000001e0       0xc6 build/screen.o
 .debug_line    0x000002a6       0x4f build/utilities.o
 .debug_line    0x000002f5       0x62 build/menu.o
 .debug_line    0x00000357       0xb7 uart.o
 .debug_line    0x0000040e       0x79 gpio.o

.debug_info     0x00000000      0x3e7
 .debug_info    0x00000000       0x72 build/main.o
 .debug_info    0x00000072       0x65 build/jtag.o
 .debug_info    0x000000d7       0x7d build/framebuffer.o
 .debug_info    0x00000154       0x76 build/snes.o
 .debug_info    0x000001ca       0x78 build/screen.o
 .debug_info    0x00000242       0x7b build/utilities.o
 .debug_info    0x000002bd       0x76 build/menu.o
 .debug_info    0x00000333       0x5a uart.o
 .debug_info    0x0000038d       0x5a gpio.o

.debug_abbrev   0x00000000       0xb2
 .debug_abbrev  0x00000000       0x12 build/main.o
 .debug_abbrev  0x00000012       0x14 build/jtag.o
 .debug_abbrev  0x00000026       0x14 build/framebuffer.o
 .debug_abbrev  0x0000003a       0x14 build/snes.o
 .debug_abbrev  0x0000004e       0x14 build/screen.o
 .debug_abbrev  0x00000062       0x14 build/utilities.o
 .debug_abbrev  0x00000076       0x14 build/menu.o
 .debug_abbrev  0x0000008a       0x14 uart.o
 .debug_abbrev  0x0000009e       0x14 gpio.o

.debug_aranges  0x00000000      0x128
 .debug_aranges
                0x00000000       0x28 build/main.o
 .debug_aranges
                0x00000028       0x20 build/jtag.o
 .debug_aranges
                0x00000048       0x20 build/framebuffer.o
 .debug_aranges
                0x00000068       0x20 build/snes.o
 .debug_aranges
                0x00000088       0x20 build/screen.o
 .debug_aranges
                0x000000a8       0x20 build/utilities.o
 .debug_aranges
                0x000000c8       0x20 build/menu.o
 .debug_aranges
                0x000000e8       0x20 uart.o
 .debug_aranges
                0x00000108       0x20 gpio.o

.debug_ranges   0x00000000       0x20
 .debug_ranges  0x00000000       0x20 build/main.o
