
Memory Configuration

Name             Origin             Length             Attributes
*default*        0x00000000         0xffffffff

Linker script and memory map

LOAD build/main.o
LOAD build/jtag.o
LOAD build/framebuffer.o
LOAD build/snes.o
LOAD build/menu.o
LOAD build/screen.o
LOAD build/utilities.o
LOAD uart.o
LOAD gpio.o

.init           0x00008000        0x4
 *(.init)
 .init          0x00008000        0x4 build/main.o
                0x00008000                _start
 .init          0x00008004        0x0 build/snes.o

.data           0x00009080       0x70
 *(.data)
 .data          0x00009080        0x0 build/main.o
 .data          0x00009080        0x0 build/jtag.o
 .data          0x00009080       0x70 build/framebuffer.o
                0x000090e0                FrameBufferPointer
 .data          0x000090f0        0x0 build/snes.o
 .data          0x000090f0        0x0 build/menu.o
 .data          0x000090f0        0x0 build/screen.o
 .data          0x000090f0        0x0 build/utilities.o
 .data          0x000090f0        0x0 uart.o
 .data          0x000090f0        0x0 gpio.o
 *.c.o(*)

.igot.plt       0x000090f0        0x0
 .igot.plt      0x00000000        0x0 build/main.o

.text           0x000090f0      0x788
 *.c.o(.text)
 *(.text)
 .text          0x000090f0       0x1c build/main.o
 .text          0x0000910c       0x8c build/jtag.o
                0x0000910c                EnableJTAG
 .text          0x00009198       0x80 build/framebuffer.o
                0x00009198                InitFrameBuffer
 .text          0x00009218      0x1b4 build/snes.o
                0x00009218                Get_SNES
                0x00009248                Init_SNES
 .text          0x000093cc       0x60 build/menu.o
                0x000093cc                Menu_Display
                0x000093dc                Menu_Run
 .text          0x0000942c      0x194 build/screen.o
                0x0000942c                Draw_Pixel
                0x0000944c                Draw_LineH
                0x00009490                Draw_Box
                0x000094dc                Draw_Image
                0x00009540                Draw_Block
 .text          0x000095c0       0x28 build/utilities.o
                0x000095c0                Wait
 .text          0x000095e8      0x1b8 uart.o
                0x000095e8                InitUART
                0x000096a8                PutCharUART
                0x000096c4                GetCharUART
                0x000096e0                WriteStringUART
                0x00009710                ReadLineUART
 .text          0x000097a0       0xd8 gpio.o
                0x000097a0                GetGpioAddress
                0x000097a8                SetGpioFunction
                0x000097f4                SetGpio
                0x00009830                GetGpio
OUTPUT(build/output.elf elf32-littlearm)

.glue_7         0x00009878        0x0
 .glue_7        0x00000000        0x0 linker stubs

.glue_7t        0x00009878        0x0
 .glue_7t       0x00000000        0x0 linker stubs

.vfp11_veneer   0x00009878        0x0
 .vfp11_veneer  0x00000000        0x0 linker stubs

.v4_bx          0x00009878        0x0
 .v4_bx         0x00000000        0x0 linker stubs

.iplt           0x00009878        0x0
 .iplt          0x00000000        0x0 build/main.o

.rel.dyn        0x00009878        0x0
 .rel.iplt      0x00000000        0x0 build/main.o

.bss            0x00009878        0x0
 .bss           0x00009878        0x0 build/main.o
 .bss           0x00009878        0x0 build/jtag.o
 .bss           0x00009878        0x0 build/framebuffer.o
 .bss           0x00009878        0x0 build/snes.o
 .bss           0x00009878        0x0 build/menu.o
 .bss           0x00009878        0x0 build/screen.o
 .bss           0x00009878        0x0 build/utilities.o
 .bss           0x00009878        0x0 uart.o
 .bss           0x00009878        0x0 gpio.o

.ARM.attributes
                0x00000000       0x29
 .ARM.attributes
                0x00000000       0x29 build/main.o
 .ARM.attributes
                0x00000029       0x29 build/jtag.o
 .ARM.attributes
                0x00000052       0x29 build/framebuffer.o
 .ARM.attributes
                0x0000007b       0x29 build/snes.o
 .ARM.attributes
                0x000000a4       0x29 build/menu.o
 .ARM.attributes
                0x000000cd       0x29 build/screen.o
 .ARM.attributes
                0x000000f6       0x29 build/utilities.o
 .ARM.attributes
                0x0000011f       0x29 uart.o
 .ARM.attributes
                0x00000148       0x29 gpio.o

.debug_line     0x00000000      0x465
 .debug_line    0x00000000       0x52 build/main.o
 .debug_line    0x00000052       0x61 build/jtag.o
 .debug_line    0x000000b3       0x68 build/framebuffer.o
 .debug_line    0x0000011b       0xbf build/snes.o
 .debug_line    0x000001da       0x56 build/menu.o
 .debug_line    0x00000230       0xb6 build/screen.o
 .debug_line    0x000002e6       0x4f build/utilities.o
 .debug_line    0x00000335       0xb7 uart.o
 .debug_line    0x000003ec       0x79 gpio.o

.debug_info     0x00000000      0x408
 .debug_info    0x00000000       0x7d build/main.o
 .debug_info    0x0000007d       0x65 build/jtag.o
 .debug_info    0x000000e2       0x7d build/framebuffer.o
 .debug_info    0x0000015f       0x76 build/snes.o
 .debug_info    0x000001d5       0x81 build/menu.o
 .debug_info    0x00000256       0x83 build/screen.o
 .debug_info    0x000002d9       0x7b build/utilities.o
 .debug_info    0x00000354       0x5a uart.o
 .debug_info    0x000003ae       0x5a gpio.o

.debug_abbrev   0x00000000       0xb2
 .debug_abbrev  0x00000000       0x12 build/main.o
 .debug_abbrev  0x00000012       0x14 build/jtag.o
 .debug_abbrev  0x00000026       0x14 build/framebuffer.o
 .debug_abbrev  0x0000003a       0x14 build/snes.o
 .debug_abbrev  0x0000004e       0x14 build/menu.o
 .debug_abbrev  0x00000062       0x14 build/screen.o
 .debug_abbrev  0x00000076       0x14 build/utilities.o
 .debug_abbrev  0x0000008a       0x14 uart.o
 .debug_abbrev  0x0000009e       0x14 gpio.o

.debug_aranges  0x00000000      0x128
 .debug_aranges
                0x00000000       0x28 build/main.o
 .debug_aranges
                0x00000028       0x20 build/jtag.o
 .debug_aranges
                0x00000048       0x20 build/framebuffer.o
 .debug_aranges
                0x00000068       0x20 build/snes.o
 .debug_aranges
                0x00000088       0x20 build/menu.o
 .debug_aranges
                0x000000a8       0x20 build/screen.o
 .debug_aranges
                0x000000c8       0x20 build/utilities.o
 .debug_aranges
                0x000000e8       0x20 uart.o
 .debug_aranges
                0x00000108       0x20 gpio.o

.debug_ranges   0x00000000       0x20
 .debug_ranges  0x00000000       0x20 build/main.o
